// Vitest Snapshot v1, https://vitest.dev/guide/snapshot.html

exports[`ItemInformationPanel Component > should match snapshot 1`] = `
<div>
  <div
    class="css-4okjp8"
  >
    <div
      class="css-k008qs"
    >
      <div
        class="chakra-stack css-jlrmky"
      >
        <button
          class="chakra-button css-bilopy"
          data-testid="imageButton-url1"
          type="button"
        >
          <img
            alt="imageButton-1"
            class="chakra-image css-7f50zt"
            src="url1"
          />
        </button>
        <button
          class="chakra-button css-bilopy"
          data-testid="imageButton-url2"
          type="button"
        >
          <img
            alt="imageButton-2"
            class="chakra-image css-7f50zt"
            src="url2"
          />
        </button>
      </div>
      <div
        class="css-wxs6zv"
      >
        <img
          alt="1"
          class="chakra-image css-zjazeo"
          src="url1"
        />
      </div>
    </div>
  </div>
  <div
    class="css-1o8rfjj"
  >
    <hr
      aria-orientation="horizontal"
      class="chakra-divider css-1b5sf6j"
    />
    <div
      class="css-0"
    >
      <b
        class="chakra-text css-0"
      >
        Características
      </b>
      <div
        class="chakra-table__container css-10e72oj"
      >
        <table
          class="chakra-table css-1i60z40"
        >
          <tbody
            class="css-0"
          >
            <tr
              class="css-0"
            >
              <td
                class="css-in3yi3"
              >
                Brand
              </td>
              <td
                class="css-0"
              >
                Apple
              </td>
            </tr>
            <tr
              class="css-0"
            >
              <td
                class="css-in3yi3"
              >
                Memory
              </td>
              <td
                class="css-0"
              >
                16GB
              </td>
            </tr>
          </tbody>
        </table>
      </div>
    </div>
    <hr
      aria-orientation="horizontal"
      class="chakra-divider css-pg66kc"
    />
  </div>
  <div
    class="css-1ax9nlp"
  >
    <p
      class="chakra-text css-4jn65u"
    >
      Descripción
    </p>
    <p
      class="chakra-text css-0"
    >
      A great product.
    </p>
    <hr
      aria-orientation="horizontal"
      class="chakra-divider css-3icn54"
    />
    <div
      class="chakra-stack css-f5fnvy"
    >
      <p
        class="chakra-text css-0"
      >
        Preguntas y respuestas
      </p>
      <div
        class="chakra-stack css-zztjb4"
      >
        <input
          class="chakra-input css-1smfaui"
          placeholder="Escribe tu pregunta"
        />
        <button
          class="chakra-button css-1s8cab6"
          type="button"
        >
          Preguntar
        </button>
      </div>
      <div
        class="css-0"
      >
        <div
          class="css-1caknck"
        >
          <p
            class="chakra-text css-0"
          >
            Is this brand new?
          </p>
          <div
            class="chakra-stack css-1pkewcz"
          >
            <p
              class="chakra-text css-thg5cc"
            >
              L
            </p>
            <p
              class="chakra-text css-77frxq"
            >
              Yes, it's brand new.
               
              <span
                class="chakra-text css-131f7pn"
              >
                18/08/2023
              </span>
            </p>
          </div>
        </div>
      </div>
    </div>
    <hr
      aria-orientation="horizontal"
      class="chakra-divider css-3icn54"
    />
  </div>
</div>
`;
