// Vitest Snapshot v1, https://vitest.dev/guide/snapshot.html

exports[`ItemInformationList Component > should match snapshot 1`] = `
<div>
  <div
    class="chakra-stack css-1kl9z2m"
  >
    <div
      class="chakra-stack css-1igwmid"
    >
      <p
        class="chakra-text css-11ox3m3"
      >
        Nuevo
      </p>
      <hr
        aria-orientation="vertical"
        class="chakra-divider css-j9wlsm"
      />
      <p
        class="chakra-text css-11ox3m3"
      >
        +5
         
        vendidos
      </p>
    </div>
    <b
      class="chakra-text css-1ezsviu"
    >
      Sample Item
    </b>
    <div
      class="chakra-stack css-1ey9w6j"
    >
      <div
        class="chakra-stack css-1igwmid"
      >
        <del
          class="chakra-text css-135297o"
        >
          $
           
          120
        </del>
      </div>
      <div
        class="chakra-stack css-1vlw5jh"
      >
        <div
          class="chakra-stack css-u2zw5"
        >
          <b
            class="chakra-text css-1llf3l7"
          >
            $
             
            100
          </b>
        </div>
        <p
          class="chakra-text css-irhq0v"
        >
          16
          % OFF
        </p>
      </div>
    </div>
    <div
      class="chakra-stack css-1igwmid"
    >
      <svg
        class="chakra-icon css-onkibi"
        focusable="false"
        viewBox="0 0 24 24"
      >
        <g
          fill="currentColor"
        >
          <path
            d="M11.114,14.556a1.252,1.252,0,0,0,1.768,0L22.568,4.87a.5.5,0,0,0-.281-.849A1.966,1.966,0,0,0,22,4H2a1.966,1.966,0,0,0-.289.021.5.5,0,0,0-.281.849Z"
          />
          <path
            d="M23.888,5.832a.182.182,0,0,0-.2.039l-6.2,6.2a.251.251,0,0,0,0,.354l5.043,5.043a.75.75,0,1,1-1.06,1.061l-5.043-5.043a.25.25,0,0,0-.354,0l-2.129,2.129a2.75,2.75,0,0,1-3.888,0L7.926,13.488a.251.251,0,0,0-.354,0L2.529,18.531a.75.75,0,0,1-1.06-1.061l5.043-5.043a.251.251,0,0,0,0-.354l-6.2-6.2a.18.18,0,0,0-.2-.039A.182.182,0,0,0,0,6V18a2,2,0,0,0,2,2H22a2,2,0,0,0,2-2V6A.181.181,0,0,0,23.888,5.832Z"
          />
        </g>
      </svg>
      <p
        class="chakra-text css-irhq0v"
      >
        Envío:
         
        <span
          class="chakra-text css-kbn7if"
        >
          Llega gratis entre el 
          <b>
             martes
          </b>
           y el 
          <b>
            jueves
          </b>
        </span>
      </p>
    </div>
    <div
      class="chakra-stack css-1igwmid"
    >
      <svg
        class="chakra-icon css-onkibi"
        focusable="false"
        viewBox="0 0 24 24"
      >
        <path
          d="M12,0A12,12,0,1,0,24,12,12.013,12.013,0,0,0,12,0Zm.25,5a1.5,1.5,0,1,1-1.5,1.5A1.5,1.5,0,0,1,12.25,5ZM14.5,18.5h-4a1,1,0,0,1,0-2h.75a.25.25,0,0,0,.25-.25v-4.5a.25.25,0,0,0-.25-.25H10.5a1,1,0,0,1,0-2h1a2,2,0,0,1,2,2v4.75a.25.25,0,0,0,.25.25h.75a1,1,0,1,1,0,2Z"
          fill="currentColor"
        />
      </svg>
      <p
        class="chakra-text css-0"
      >
        +50
         
        disponibles
      </p>
    </div>
    <button
      class="chakra-button css-l3jrhf"
      type="button"
    >
      Comprar ahora
    </button>
    <button
      class="chakra-button css-uxt1e8"
      type="button"
    >
      Añadir al carrito
    </button>
    <div
      class="chakra-stack css-1igwmid"
    >
      <svg
        class="chakra-icon css-onkibi"
        focusable="false"
        viewBox="0 0 24 24"
      >
        <g
          fill="currentColor"
        >
          <path
            d="M10.319,4.936a7.239,7.239,0,0,1,7.1,2.252,1.25,1.25,0,1,0,1.872-1.657A9.737,9.737,0,0,0,9.743,2.5,10.269,10.269,0,0,0,2.378,9.61a.249.249,0,0,1-.271.178l-1.033-.13A.491.491,0,0,0,.6,9.877a.5.5,0,0,0-.019.526l2.476,4.342a.5.5,0,0,0,.373.248.43.43,0,0,0,.062,0,.5.5,0,0,0,.359-.152l3.477-3.593a.5.5,0,0,0-.3-.844L5.15,10.172a.25.25,0,0,1-.2-.333A7.7,7.7,0,0,1,10.319,4.936Z"
          />
          <path
            d="M23.406,14.1a.5.5,0,0,0,.015-.526l-2.5-4.329A.5.5,0,0,0,20.546,9a.489.489,0,0,0-.421.151l-3.456,3.614a.5.5,0,0,0,.3.842l1.848.221a.249.249,0,0,1,.183.117.253.253,0,0,1,.023.216,7.688,7.688,0,0,1-5.369,4.9,7.243,7.243,0,0,1-7.1-2.253,1.25,1.25,0,1,0-1.872,1.656,9.74,9.74,0,0,0,9.549,3.03,10.261,10.261,0,0,0,7.369-7.12.251.251,0,0,1,.27-.179l1.058.127a.422.422,0,0,0,.06,0A.5.5,0,0,0,23.406,14.1Z"
          />
        </g>
      </svg>
      <p
        class="chakra-text css-g5hezf"
      >
        <span
          class="chakra-text css-b06hpj"
        >
          Devolución gratis.
        </span>
         
        Tienes 30 días desde que lo recibes.
      </p>
    </div>
    <div
      class="chakra-stack css-hiihwv"
    >
      <svg
        class="chakra-icon css-onkibi"
        focusable="false"
        viewBox="0 0 24 24"
      >
        <path
          d="M19.5,9.5h-.75V6.75a6.75,6.75,0,0,0-13.5,0V9.5H4.5a2,2,0,0,0-2,2V22a2,2,0,0,0,2,2h15a2,2,0,0,0,2-2V11.5A2,2,0,0,0,19.5,9.5Zm-9.5,6a2,2,0,1,1,3,1.723V19.5a1,1,0,0,1-2,0V17.223A1.994,1.994,0,0,1,10,15.5ZM7.75,6.75a4.25,4.25,0,0,1,8.5,0V9a.5.5,0,0,1-.5.5H8.25a.5.5,0,0,1-.5-.5Z"
          fill="currentColor"
        />
      </svg>
      <p
        class="chakra-text css-g5hezf"
      >
        <span
          class="chakra-text css-14q9065"
        >
          Compra Protegida,
        </span>
         
        recibe el producto que esperabas o te devolvemos tu dinero.
      </p>
    </div>
  </div>
</div>
`;
