// Vitest Snapshot v1, https://vitest.dev/guide/snapshot.html

exports[`PaymentMethodList > should match snapshot 1`] = `
<div>
  <div
    class="chakra-stack css-pbh4bz"
  >
    <p
      class="chakra-text css-0"
    >
      Medios de pago
    </p>
    <div
      class="chakra-stack css-szbcth"
    >
      <svg
        class="chakra-icon css-onkibi"
        focusable="false"
        viewBox="0 0 24 24"
      >
        <path
          d="M12,0A12,12,0,1,0,24,12,12.013,12.013,0,0,0,12,0Zm.25,5a1.5,1.5,0,1,1-1.5,1.5A1.5,1.5,0,0,1,12.25,5ZM14.5,18.5h-4a1,1,0,0,1,0-2h.75a.25.25,0,0,0,.25-.25v-4.5a.25.25,0,0,0-.25-.25H10.5a1,1,0,0,1,0-2h1a2,2,0,0,1,2,2v4.75a.25.25,0,0,0,.25.25h.75a1,1,0,1,1,0,2Z"
          fill="currentColor"
        />
      </svg>
      <p
        class="chakra-text css-0"
      >
        ¡Paga en hasta 10 cuotas sin interés! 
      </p>
    </div>
    <b
      class="chakra-text css-0"
    >
      Tarjetas de Crédito
    </b>
    <p
      class="chakra-text css-2m19dl"
    >
      ¡Cuotas sin interés con bancos seleccionados!
    </p>
    <div
      class="chakra-stack css-1xnim7v"
    >
      <img
        alt="image1.jpg"
        class="chakra-image css-sfrnhg"
        src="image1.jpg"
      />
    </div>
    <b
      class="chakra-text css-0"
    >
      Tarjetas de Débito
    </b>
    <div
      class="chakra-stack css-12cfr4k"
    >
      <img
        alt="image2.jpg"
        class="chakra-image css-sfrnhg"
        src="image2.jpg"
      />
    </div>
    <b
      class="chakra-text css-0"
    >
      Efectivo
    </b>
    <div
      class="chakra-stack css-12cfr4k"
    >
      <img
        alt="image3.jpg"
        class="chakra-image css-sfrnhg"
        src="image3.jpg"
      />
    </div>
  </div>
</div>
`;
