// Vitest Snapshot v1, https://vitest.dev/guide/snapshot.html

exports[`RangeSelector Component > matches snapshot 1`] = `
<div>
  <div
    class="chakra-stack css-1igwmid"
  >
    <input
      class="chakra-input css-uo3m1g"
      placeholder="Min."
      type="number"
      value=""
    />
    <hr
      aria-orientation="horizontal"
      class="chakra-divider css-tztl8c"
    />
    <input
      class="chakra-input css-uo3m1g"
      placeholder="Max."
      type="number"
      value=""
    />
    <button
      aria-label="Buscar rango"
      class="chakra-button css-mn3g0g"
      type="button"
    >
      <svg
        aria-hidden="true"
        class="chakra-icon css-onkibi"
        focusable="false"
        viewBox="0 0 24 24"
      >
        <path
          d="M12 4l-1.41 1.41L16.17 11H4v2h12.17l-5.58 5.59L12 20l8-8z"
          fill="currentColor"
        />
      </svg>
    </button>
  </div>
</div>
`;
