// Vitest Snapshot v1, https://vitest.dev/guide/snapshot.html

exports[`RelevanceSorter Component > matches snapshot 1`] = `
<div>
  <div
    class="chakra-stack css-9euhlz"
  >
    <b
      class="chakra-text css-0"
    >
      Ordenar por
    </b>
    <div
      class="chakra-select__wrapper css-xqwyme"
    >
      <select
        class="chakra-select css-1ik61og"
      >
        <option
          value=""
        >
          Relevance
        </option>
        <option
          value="price_asc"
        >
          Price: Low to High
        </option>
        <option
          value="price_desc"
        >
          Price: High to Low
        </option>
      </select>
      <div
        class="chakra-select__icon-wrapper css-162mkon"
      >
        <svg
          aria-hidden="true"
          class="chakra-select__icon"
          focusable="false"
          role="presentation"
          style="width: 1em; height: 1em; color: currentColor;"
          viewBox="0 0 24 24"
        >
          <path
            d="M16.59 8.59L12 13.17 7.41 8.59 6 10l6 6 6-6z"
            fill="currentColor"
          />
        </svg>
      </div>
    </div>
  </div>
</div>
`;
